******************************************************************************
                  TI ARM Linker PC v20.2.7                     
******************************************************************************
>> Linked Sun Aug 20 14:32:43 2023

OUTPUT FILE NAME:   <KeyPad_LCD.out>
ENTRY POINT SYMBOL: "_c_int00_noargs"  address: 00001c4d


MEMORY CONFIGURATION

         name            origin    length      used     unused   attr    fill
----------------------  --------  ---------  --------  --------  ----  --------
  FLASH                 00000000   00040000  00001cca  0003e336  R  X
  SRAM                  20000000   00008000  00000211  00007def  RW X


SEGMENT ALLOCATION MAP

run origin  load origin   length   init length attrs members
----------  ----------- ---------- ----------- ----- -------
00000000    00000000    00001cd0   00001cd0    r-x
  00000000    00000000    0000026c   0000026c    r-- .intvecs
  0000026c    0000026c    00001a36   00001a36    r-x .text
  00001ca8    00001ca8    00000028   00000028    r-- .cinit
20000000    20000000    00000211   00000000    rw-
  20000000    20000000    00000200   00000000    rw- .stack
  20000200    20000200    00000011   00000000    rw- .data


SECTION ALLOCATION MAP

 output                                  attributes/
section   page    origin      length       input sections
--------  ----  ----------  ----------   ----------------
.intvecs   0    00000000    0000026c     
                  00000000    0000026c     tm4c123gh6pm_startup_ccs.obj (.intvecs)

.text      0    0000026c    00001a36     
                  0000026c    00000d94     Tiva_DIO.obj (.text)
                  00001000    0000045e     LCD_Driver.obj (.text)
                  0000145e    00000002     rtsv7M4_T_le_v4SPD16_eabi.lib : div0.asm.obj (.text)
                  00001460    00000350     main.obj (.text)
                  000017b0    000001d4     keyPad_Driver.obj (.text)
                  00001984    0000009c     rtsv7M4_T_le_v4SPD16_eabi.lib : memcpy_t2.asm.obj (.text)
                  00001a20    00000096                                   : ull_div_t2.asm.obj (.text)
                  00001ab6    0000007a                                   : memset_t2.asm.obj (.text)
                  00001b30    0000006e                                   : ll_div_t2.asm.obj (.text)
                  00001b9e    00000068                                   : copy_decompress_lzss.c.obj (.text:decompress:lzss:__TI_decompress_lzss)
                  00001c06    00000002     --HOLE-- [fill = 0]
                  00001c08    00000044                                   : autoinit.c.obj (.text:__TI_auto_init_nobinit_nopinit:__TI_auto_init_nobinit_nopinit)
                  00001c4c    00000034                                   : boot_cortex_m.c.obj (.text:_c_int00_noargs:_c_int00_noargs)
                  00001c80    0000000e                                   : copy_decompress_none.c.obj (.text:decompress:none:__TI_decompress_none)
                  00001c8e    0000000c     tm4c123gh6pm_startup_ccs.obj (.text)
                  00001c9a    00000004     rtsv7M4_T_le_v4SPD16_eabi.lib : pre_init.c.obj (.text:_system_pre_init)
                  00001c9e    00000004                                   : exit.c.obj (.text:abort:abort)

.cinit     0    00001ca8    00000028     
                  00001ca8    00000017     (.cinit..data.load) [load image, compression = lzss]
                  00001cbf    00000001     --HOLE-- [fill = 0]
                  00001cc0    00000008     (__TI_handler_table)
                  00001cc8    00000008     (__TI_cinit_table)

.init_array 
*          0    00000000    00000000     UNINITIALIZED

.data      0    20000200    00000011     UNINITIALIZED
                  20000200    00000010     keyPad_Driver.obj (.data:symbol)
                  20000210    00000001     main.obj (.data)

.stack     0    20000000    00000200     UNINITIALIZED
                  20000000    00000004     rtsv7M4_T_le_v4SPD16_eabi.lib : boot_cortex_m.c.obj (.stack)
                  20000004    000001fc     --HOLE--

__llvm_prf_cnts 
*          0    20000000    00000000     UNINITIALIZED

MODULE SUMMARY

       Module                         code   ro data   rw data
       ------                         ----   -------   -------
    .\
       main.obj                       848    0         1      
       tm4c123gh6pm_startup_ccs.obj   12     620       0      
    +--+------------------------------+------+---------+---------+
       Total:                         860    620       1      
                                                              
    .\LCD_Driver\
       LCD_Driver.obj                 1118   0         0      
    +--+------------------------------+------+---------+---------+
       Total:                         1118   0         0      
                                                              
    .\Tiva_DIO\
       Tiva_DIO.obj                   3476   0         0      
    +--+------------------------------+------+---------+---------+
       Total:                         3476   0         0      
                                                              
    .\keyPad_Driver\
       keyPad_Driver.obj              468    0         16     
    +--+------------------------------+------+---------+---------+
       Total:                         468    0         16     
                                                              
    C:\ti\ccs1230\ccs\tools\compiler\ti-cgt-arm_20.2.7.LTS\lib\rtsv7M4_T_le_v4SPD16_eabi.lib
       memcpy_t2.asm.obj              156    0         0      
       ull_div_t2.asm.obj             150    0         0      
       memset_t2.asm.obj              122    0         0      
       ll_div_t2.asm.obj              110    0         0      
       copy_decompress_lzss.c.obj     104    0         0      
       autoinit.c.obj                 68     0         0      
       boot_cortex_m.c.obj            52     0         0      
       copy_decompress_none.c.obj     14     0         0      
       exit.c.obj                     4      0         0      
       pre_init.c.obj                 4      0         0      
       div0.asm.obj                   2      0         0      
    +--+------------------------------+------+---------+---------+
       Total:                         786    0         0      
                                                              
       Stack:                         0      0         512    
       Linker Generated:              0      39        0      
    +--+------------------------------+------+---------+---------+
       Grand Total:                   6708   659       529    


LINKER GENERATED COPY TABLES

__TI_cinit_table @ 00001cc8 records: 1, size/record: 8, table size: 8
	.data: load addr=00001ca8, load size=00000017 bytes, run addr=20000200, run size=00000011 bytes, compression=lzss


LINKER GENERATED HANDLER TABLE

__TI_handler_table @ 00001cc0 records: 2, size/record: 4, table size: 8
	index: 0, handler: __TI_decompress_lzss
	index: 1, handler: __TI_decompress_none


GLOBAL SYMBOLS: SORTED ALPHABETICALLY BY Name 

address   name                          
-------   ----                          
00001c9f  C$$EXIT                       
000003c1  ClearDataBIT                  
00000649  DIO_InitPin                   
00000b01  DIO_ReadPin                   
00000bc9  DIO_TogglePin                 
000009c9  DIO_WritePin                  
00000c05  DIO_WritePort                 
00001461  GPIOB_Handler                 
00000c8d  Inteupt_Edge_InitPin          
000018a9  KeyPad_Init_INT               
000017b1  KeyPad_Init_NoINT             
0000194d  KeyPad_Read_INT               
00001805  KeyPad_Read_NoINT             
000013a9  LCD_Clear                     
00001211  LCD_Init                      
000013b3  LCD_SetCursor                 
0000124b  LCD_WriteChar                 
0000107d  LCD_WriteCommand              
00001147  LCD_WriteData                 
0000128b  LCD_WriteNumber               
0000135d  LCD_WriteNumberInBinary       
000013e7  LCD_WriteNumber_4D            
0000125b  LCD_WriteString               
00000511  PORT_Init                     
0000045f  ReadDataBIT                   
00001c8f  ResetISR                      
0000026d  WriteDataBIT                  
0000032b  WriteDataBITS                 
20000200  __STACK_END                   
00000200  __STACK_SIZE                  
20000200  __STACK_TOP                   
00001cc8  __TI_CINIT_Base               
00001cd0  __TI_CINIT_Limit              
00001cc0  __TI_Handler_Table_Base       
00001cc8  __TI_Handler_Table_Limit      
00001c09  __TI_auto_init_nobinit_nopinit
00001b9f  __TI_decompress_lzss          
00001c81  __TI_decompress_none          
ffffffff  __TI_pprof_out_hndl           
ffffffff  __TI_prof_data_size           
ffffffff  __TI_prof_data_start          
00000000  __TI_static_base__            
0000145f  __aeabi_idiv0                 
0000145f  __aeabi_ldiv0                 
00001b31  __aeabi_ldivmod               
00001ab7  __aeabi_memclr                
00001ab7  __aeabi_memclr4               
00001ab7  __aeabi_memclr8               
00001985  __aeabi_memcpy                
00001985  __aeabi_memcpy4               
00001985  __aeabi_memcpy8               
00001ab9  __aeabi_memset                
00001ab9  __aeabi_memset4               
00001ab9  __aeabi_memset8               
00001a21  __aeabi_uldivmod              
ffffffff  __binit__                     
ffffffff  __c_args__                    
UNDEFED   __mpu_init                    
20000000  __stack                       
20000000  __start___llvm_prf_cnts       
20000000  __stop___llvm_prf_cnts        
00001c4d  _c_int00_noargs               
00001001  _delay_ms                     
00001043  _delay_us                     
UNDEFED   _system_post_cinit            
00001c9b  _system_pre_init              
00001c9f  abort                         
ffffffff  binit                         
00000000  g_pfnVectors                  
20000210  key                           
00001525  main                          
00001985  memcpy                        
00001abf  memset                        
20000200  symbol                        


GLOBAL SYMBOLS: SORTED BY Symbol Address 

address   name                          
-------   ----                          
00000000  __TI_static_base__            
00000000  g_pfnVectors                  
00000200  __STACK_SIZE                  
0000026d  WriteDataBIT                  
0000032b  WriteDataBITS                 
000003c1  ClearDataBIT                  
0000045f  ReadDataBIT                   
00000511  PORT_Init                     
00000649  DIO_InitPin                   
000009c9  DIO_WritePin                  
00000b01  DIO_ReadPin                   
00000bc9  DIO_TogglePin                 
00000c05  DIO_WritePort                 
00000c8d  Inteupt_Edge_InitPin          
00001001  _delay_ms                     
00001043  _delay_us                     
0000107d  LCD_WriteCommand              
00001147  LCD_WriteData                 
00001211  LCD_Init                      
0000124b  LCD_WriteChar                 
0000125b  LCD_WriteString               
0000128b  LCD_WriteNumber               
0000135d  LCD_WriteNumberInBinary       
000013a9  LCD_Clear                     
000013b3  LCD_SetCursor                 
000013e7  LCD_WriteNumber_4D            
0000145f  __aeabi_idiv0                 
0000145f  __aeabi_ldiv0                 
00001461  GPIOB_Handler                 
00001525  main                          
000017b1  KeyPad_Init_NoINT             
00001805  KeyPad_Read_NoINT             
000018a9  KeyPad_Init_INT               
0000194d  KeyPad_Read_INT               
00001985  __aeabi_memcpy                
00001985  __aeabi_memcpy4               
00001985  __aeabi_memcpy8               
00001985  memcpy                        
00001a21  __aeabi_uldivmod              
00001ab7  __aeabi_memclr                
00001ab7  __aeabi_memclr4               
00001ab7  __aeabi_memclr8               
00001ab9  __aeabi_memset                
00001ab9  __aeabi_memset4               
00001ab9  __aeabi_memset8               
00001abf  memset                        
00001b31  __aeabi_ldivmod               
00001b9f  __TI_decompress_lzss          
00001c09  __TI_auto_init_nobinit_nopinit
00001c4d  _c_int00_noargs               
00001c81  __TI_decompress_none          
00001c8f  ResetISR                      
00001c9b  _system_pre_init              
00001c9f  C$$EXIT                       
00001c9f  abort                         
00001cc0  __TI_Handler_Table_Base       
00001cc8  __TI_CINIT_Base               
00001cc8  __TI_Handler_Table_Limit      
00001cd0  __TI_CINIT_Limit              
20000000  __stack                       
20000000  __start___llvm_prf_cnts       
20000000  __stop___llvm_prf_cnts        
20000200  __STACK_END                   
20000200  __STACK_TOP                   
20000200  symbol                        
20000210  key                           
ffffffff  __TI_pprof_out_hndl           
ffffffff  __TI_prof_data_size           
ffffffff  __TI_prof_data_start          
ffffffff  __binit__                     
ffffffff  __c_args__                    
ffffffff  binit                         
UNDEFED   __mpu_init                    
UNDEFED   _system_post_cinit            

[74 symbols]
